n1nj4h@n1nj4h:~$ python
Python 3.7.2 (default, Nov  2 2020, 21:05:46)
[GCC 8.3.0] on linux
Type "help", "copyright", "credits" or "license" for more information.
>>> int(True)
1
>>> int(False)
0
>>> int(10.1)
10
>>> int(1.0e4)
10000
>>> int('100')
100
>>> int('-10')
-10
>>> int('100 desuyo')
Traceback (most recent call last):
  File "<stdin>", line 1, in <module>
ValueError: invalid literal for int() with base 10: '100 desuyo'
